Archive member included to satisfy reference by file (symbol)

C:/ST/STM32CubeIDE_1.14.1/STM32CubeIDE/plugins/com.st.stm32cube.ide.mcu.externaltools.gnu-tools-for-stm32.11.3.rel1.win32_1.1.100.202309141235/tools/bin/../lib/gcc/arm-none-eabi/11.3.1/../../../../arm-none-eabi/lib/thumb/v7e-m+fp/hard\libc_nano.a(libc_a-exit.o)
                              C:/ST/STM32CubeIDE_1.14.1/STM32CubeIDE/plugins/com.st.stm32cube.ide.mcu.externaltools.gnu-tools-for-stm32.11.3.rel1.win32_1.1.100.202309141235/tools/bin/../lib/gcc/arm-none-eabi/11.3.1/../../../../arm-none-eabi/lib/thumb/v7e-m+fp/hard/crt0.o (exit)
C:/ST/STM32CubeIDE_1.14.1/STM32CubeIDE/plugins/com.st.stm32cube.ide.mcu.externaltools.gnu-tools-for-stm32.11.3.rel1.win32_1.1.100.202309141235/tools/bin/../lib/gcc/arm-none-eabi/11.3.1/../../../../arm-none-eabi/lib/thumb/v7e-m+fp/hard\libc_nano.a(libc_a-findfp.o)
                              C:/ST/STM32CubeIDE_1.14.1/STM32CubeIDE/plugins/com.st.stm32cube.ide.mcu.externaltools.gnu-tools-for-stm32.11.3.rel1.win32_1.1.100.202309141235/tools/bin/../lib/gcc/arm-none-eabi/11.3.1/../../../../arm-none-eabi/lib/thumb/v7e-m+fp/hard\libc_nano.a(libc_a-exit.o) (__stdio_exit_handler)
C:/ST/STM32CubeIDE_1.14.1/STM32CubeIDE/plugins/com.st.stm32cube.ide.mcu.externaltools.gnu-tools-for-stm32.11.3.rel1.win32_1.1.100.202309141235/tools/bin/../lib/gcc/arm-none-eabi/11.3.1/../../../../arm-none-eabi/lib/thumb/v7e-m+fp/hard\libc_nano.a(libc_a-fwalk.o)
                              C:/ST/STM32CubeIDE_1.14.1/STM32CubeIDE/plugins/com.st.stm32cube.ide.mcu.externaltools.gnu-tools-for-stm32.11.3.rel1.win32_1.1.100.202309141235/tools/bin/../lib/gcc/arm-none-eabi/11.3.1/../../../../arm-none-eabi/lib/thumb/v7e-m+fp/hard\libc_nano.a(libc_a-findfp.o) (_fwalk_sglue)
C:/ST/STM32CubeIDE_1.14.1/STM32CubeIDE/plugins/com.st.stm32cube.ide.mcu.externaltools.gnu-tools-for-stm32.11.3.rel1.win32_1.1.100.202309141235/tools/bin/../lib/gcc/arm-none-eabi/11.3.1/../../../../arm-none-eabi/lib/thumb/v7e-m+fp/hard\libc_nano.a(libc_a-stdio.o)
                              C:/ST/STM32CubeIDE_1.14.1/STM32CubeIDE/plugins/com.st.stm32cube.ide.mcu.externaltools.gnu-tools-for-stm32.11.3.rel1.win32_1.1.100.202309141235/tools/bin/../lib/gcc/arm-none-eabi/11.3.1/../../../../arm-none-eabi/lib/thumb/v7e-m+fp/hard\libc_nano.a(libc_a-findfp.o) (__sread)
C:/ST/STM32CubeIDE_1.14.1/STM32CubeIDE/plugins/com.st.stm32cube.ide.mcu.externaltools.gnu-tools-for-stm32.11.3.rel1.win32_1.1.100.202309141235/tools/bin/../lib/gcc/arm-none-eabi/11.3.1/../../../../arm-none-eabi/lib/thumb/v7e-m+fp/hard\libc_nano.a(libc_a-memset.o)
                              C:/ST/STM32CubeIDE_1.14.1/STM32CubeIDE/plugins/com.st.stm32cube.ide.mcu.externaltools.gnu-tools-for-stm32.11.3.rel1.win32_1.1.100.202309141235/tools/bin/../lib/gcc/arm-none-eabi/11.3.1/../../../../arm-none-eabi/lib/thumb/v7e-m+fp/hard/crt0.o (memset)
C:/ST/STM32CubeIDE_1.14.1/STM32CubeIDE/plugins/com.st.stm32cube.ide.mcu.externaltools.gnu-tools-for-stm32.11.3.rel1.win32_1.1.100.202309141235/tools/bin/../lib/gcc/arm-none-eabi/11.3.1/../../../../arm-none-eabi/lib/thumb/v7e-m+fp/hard\libc_nano.a(libc_a-closer.o)
                              C:/ST/STM32CubeIDE_1.14.1/STM32CubeIDE/plugins/com.st.stm32cube.ide.mcu.externaltools.gnu-tools-for-stm32.11.3.rel1.win32_1.1.100.202309141235/tools/bin/../lib/gcc/arm-none-eabi/11.3.1/../../../../arm-none-eabi/lib/thumb/v7e-m+fp/hard\libc_nano.a(libc_a-stdio.o) (_close_r)
C:/ST/STM32CubeIDE_1.14.1/STM32CubeIDE/plugins/com.st.stm32cube.ide.mcu.externaltools.gnu-tools-for-stm32.11.3.rel1.win32_1.1.100.202309141235/tools/bin/../lib/gcc/arm-none-eabi/11.3.1/../../../../arm-none-eabi/lib/thumb/v7e-m+fp/hard\libc_nano.a(libc_a-reent.o)
                              C:/ST/STM32CubeIDE_1.14.1/STM32CubeIDE/plugins/com.st.stm32cube.ide.mcu.externaltools.gnu-tools-for-stm32.11.3.rel1.win32_1.1.100.202309141235/tools/bin/../lib/gcc/arm-none-eabi/11.3.1/../../../../arm-none-eabi/lib/thumb/v7e-m+fp/hard\libc_nano.a(libc_a-closer.o) (errno)
C:/ST/STM32CubeIDE_1.14.1/STM32CubeIDE/plugins/com.st.stm32cube.ide.mcu.externaltools.gnu-tools-for-stm32.11.3.rel1.win32_1.1.100.202309141235/tools/bin/../lib/gcc/arm-none-eabi/11.3.1/../../../../arm-none-eabi/lib/thumb/v7e-m+fp/hard\libc_nano.a(libc_a-impure.o)
                              C:/ST/STM32CubeIDE_1.14.1/STM32CubeIDE/plugins/com.st.stm32cube.ide.mcu.externaltools.gnu-tools-for-stm32.11.3.rel1.win32_1.1.100.202309141235/tools/bin/../lib/gcc/arm-none-eabi/11.3.1/../../../../arm-none-eabi/lib/thumb/v7e-m+fp/hard\libc_nano.a(libc_a-reent.o) (_impure_ptr)
C:/ST/STM32CubeIDE_1.14.1/STM32CubeIDE/plugins/com.st.stm32cube.ide.mcu.externaltools.gnu-tools-for-stm32.11.3.rel1.win32_1.1.100.202309141235/tools/bin/../lib/gcc/arm-none-eabi/11.3.1/../../../../arm-none-eabi/lib/thumb/v7e-m+fp/hard\libc_nano.a(libc_a-lseekr.o)
[...]
Memory Configuration

Name             Origin             Length             Attributes
RAM              0x0000000020000000 0x0000000000018000 xrw
FLASH            0x0000000008000000 0x0000000000080000 xr
*default*        0x0000000000000000 0xffffffffffffffff

Linker script and memory map

LOAD C:/ST/STM32CubeIDE_1.14.1/STM32CubeIDE/plugins/com.st.stm32cube.ide.mcu.externaltools.gnu-tools-for-stm32.11.3.rel1.win32_1.1.100.202309141235/tools/bin/../lib/gcc/arm-none-eabi/11.3.1/thumb/v7e-m+fp/hard/crti.o
LOAD C:/ST/STM32CubeIDE_1.14.1/STM32CubeIDE/plugins/com.st.stm32cube.ide.mcu.externaltools.gnu-tools-for-stm32.11.3.rel1.win32_1.1.100.202309141235/tools/bin/../lib/gcc/arm-none-eabi/11.3.1/thumb/v7e-m+fp/hard/crtbegin.o
LOAD C:/ST/STM32CubeIDE_1.14.1/STM32CubeIDE/plugins/com.st.stm32cube.ide.mcu.externaltools.gnu-tools-for-stm32.11.3.rel1.win32_1.1.100.202309141235/tools/bin/../lib/gcc/arm-none-eabi/11.3.1/../../../../arm-none-eabi/lib/thumb/v7e-m+fp/hard/crt0.o
LOAD ./Core/Src/main.o
LOAD ./Core/Src/stm32f4xx_hal_msp.o
LOAD ./Core/Src/stm32f4xx_it.o
LOAD ./Core/Src/syscalls.o
LOAD ./Core/Src/sysmem.o
LOAD ./Core/Src/system_stm32f4xx.o
LOAD ./Core/Startup/startup_stm32f401retx.o
LOAD ./Drivers/STM32F4xx_HAL_Driver/Src/stm32f4xx_hal.o
LOAD ./Drivers/STM32F4xx_HAL_Driver/Src/stm32f4xx_hal_cortex.o
LOAD ./Drivers/STM32F4xx_HAL_Driver/Src/stm32f4xx_hal_dma.o
LOAD ./Drivers/STM32F4xx_HAL_Driver/Src/stm32f4xx_hal_dma_ex.o
LOAD ./Drivers/STM32F4xx_HAL_Driver/Src/stm32f4xx_hal_exti.o
LOAD ./Drivers/STM32F4xx_HAL_Driver/Src/stm32f4xx_hal_flash.o
LOAD ./Drivers/STM32F4xx_HAL_Driver/Src/stm32f4xx_hal_flash_ex.o
LOAD ./Drivers/STM32F4xx_HAL_Driver/Src/stm32f4xx_hal_flash_ramfunc.o
LOAD ./Drivers/STM32F4xx_HAL_Driver/Src/stm32f4xx_hal_gpio.o
LOAD ./Drivers/STM32F4xx_HAL_Driver/Src/stm32f4xx_hal_pwr.o
LOAD ./Drivers/STM32F4xx_HAL_Driver/Src/stm32f4xx_hal_pwr_ex.o
LOAD ./Drivers/STM32F4xx_HAL_Driver/Src/stm32f4xx_hal_rcc.o
LOAD ./Drivers/STM32F4xx_HAL_Driver/Src/stm32f4xx_hal_rcc_ex.o
LOAD ./Drivers/STM32F4xx_HAL_Driver/Src/stm32f4xx_hal_tim.o
LOAD ./Drivers/STM32F4xx_HAL_Driver/Src/stm32f4xx_hal_tim_ex.o
LOAD ./Drivers/STM32F4xx_HAL_Driver/Src/stm32f4xx_hal_uart.o
START GROUP
LOAD C:/ST/STM32CubeIDE_1.14.1/STM32CubeIDE/plugins/com.st.stm32cube.ide.mcu.externaltools.gnu-tools-for-stm32.11.3.rel1.win32_1.1.100.202309141235/tools/bin/../lib/gcc/arm-none-eabi/11.3.1/../../../../arm-none-eabi/lib/thumb/v7e-m+fp/hard\libc_nano.a
LOAD C:/ST/STM32CubeIDE_1.14.1/STM32CubeIDE/plugins/com.st.stm32cube.ide.mcu.externaltools.gnu-tools-for-stm32.11.3.rel1.win32_1.1.100.202309141235/tools/bin/../lib/gcc/arm-none-eabi/11.3.1/../../../../arm-none-eabi/lib/thumb/v7e-m+fp/hard\libm.a
END GROUP
START GROUP
LOAD C:/ST/STM32CubeIDE_1.14.1/STM32CubeIDE/plugins/com.st.stm32cube.ide.mcu.externaltools.gnu-tools-for-stm32.11.3.rel1.win32_1.1.100.202309141235/tools/bin/../lib/gcc/arm-none-eabi/11.3.1/thumb/v7e-m+fp/hard\libgcc.a
LOAD C:/ST/STM32CubeIDE_1.14.1/STM32CubeIDE/plugins/com.st.stm32cube.ide.mcu.externaltools.gnu-tools-for-stm32.11.3.rel1.win32_1.1.100.202309141235/tools/bin/../lib/gcc/arm-none-eabi/11.3.1/../../../../arm-none-eabi/lib/thumb/v7e-m+fp/hard\libc_nano.a
END GROUP
START GROUP
LOAD C:/ST/STM32CubeIDE_1.14.1/STM32CubeIDE/plugins/com.st.stm32cube.ide.mcu.externaltools.gnu-tools-for-stm32.11.3.rel1.win32_1.1.100.202309141235/tools/bin/../lib/gcc/arm-none-eabi/11.3.1/thumb/v7e-m+fp/hard\libgcc.a
LOAD C:/ST/STM32CubeIDE_1.14.1/STM32CubeIDE/plugins/com.st.stm32cube.ide.mcu.externaltools.gnu-tools-for-stm32.11.3.rel1.win32_1.1.100.202309141235/tools/bin/../lib/gcc/arm-none-eabi/11.3.1/../../../../arm-none-eabi/lib/thumb/v7e-m+fp/hard\libc_nano.a
LOAD C:/ST/STM32CubeIDE_1.14.1/STM32CubeIDE/plugins/com.st.stm32cube.ide.mcu.externaltools.gnu-tools-for-stm32.11.3.rel1.win32_1.1.100.202309141235/tools/bin/../lib/gcc/arm-none-eabi/11.3.1/../../../../arm-none-eabi/lib/thumb/v7e-m+fp/hard\libnosys.a
END GROUP
START GROUP
LOAD C:/ST/STM32CubeIDE_1.14.1/STM32CubeIDE/plugins/com.st.stm32cube.ide.mcu.externaltools.gnu-tools-for-stm32.11.3.rel1.win32_1.1.100.202309141235/tools/bin/../lib/gcc/arm-none-eabi/11.3.1/thumb/v7e-m+fp/hard\libgcc.a
LOAD C:/ST/STM32CubeIDE_1.14.1/STM32CubeIDE/plugins/com.st.stm32cube.ide.mcu.externaltools.gnu-tools-for-stm32.11.3.rel1.win32_1.1.100.202309141235/tools/bin/../lib/gcc/arm-none-eabi/11.3.1/../../../../arm-none-eabi/lib/thumb/v7e-m+fp/hard\libc_nano.a
LOAD C:/ST/STM32CubeIDE_1.14.1/STM32CubeIDE/plugins/com.st.stm32cube.ide.mcu.externaltools.gnu-tools-for-stm32.11.3.rel1.win32_1.1.100.202309141235/tools/bin/../lib/gcc/arm-none-eabi/11.3.1/../../../../arm-none-eabi/lib/thumb/v7e-m+fp/hard\libnosys.a
END GROUP
LOAD C:/ST/STM32CubeIDE_1.14.1/STM32CubeIDE/plugins/com.st.stm32cube.ide.mcu.externaltools.gnu-tools-for-stm32.11.3.rel1.win32_1.1.100.202309141235/tools/bin/../lib/gcc/arm-none-eabi/11.3.1/thumb/v7e-m+fp/hard/crtend.o
LOAD C:/ST/STM32CubeIDE_1.14.1/STM32CubeIDE/plugins/com.st.stm32cube.ide.mcu.externaltools.gnu-tools-for-stm32.11.3.rel1.win32_1.1.100.202309141235/tools/bin/../lib/gcc/arm-none-eabi/11.3.1/thumb/v7e-m+fp/hard/crtn.o
                0x0000000020018000                _estack = (ORIGIN (RAM) + LENGTH (RAM))
                0x0000000000000200                _Min_Heap_Size = 0x200
                0x0000000000000400                _Min_Stack_Size = 0x400

.isr_vector     0x0000000008000000      0x194
                0x0000000008000000                . = ALIGN (0x4)
 *(.isr_vector)
 .isr_vector    0x0000000008000000      0x194 ./Core/Startup/startup_stm32f401retx.o
                0x0000000008000000                g_pfnVectors
                0x0000000008000194                . = ALIGN (0x4)

.text           0x0000000008000194     0x2ae4
                0x0000000008000194                . = ALIGN (0x4)
 *(.text)
 .text          0x0000000008000194       0x40 C:/ST/STM32CubeIDE_1.14.1/STM32CubeIDE/plugins/com.st.stm32cube.ide.mcu.externaltools.gnu-tools-for-stm32.11.3.rel1.win32_1.1.100.202309141235/tools/bin/../lib/gcc/arm-none-eabi/11.3.1/thumb/v7e-m+fp/hard/crtbegin.o
 .text          0x00000000080001d4       0x30 C:/ST/STM32CubeIDE_1.14.1/STM32CubeIDE/plugins/com.st.stm32cube.ide.mcu.externaltools.gnu-tools-for-stm32.11.3.rel1.win32_1.1.100.202309141235/tools/bin/../lib/gcc/arm-none-eabi/11.3.1/thumb/v7e-m+fp/hard\libgcc.a(_aeabi_uldivmod.o)
                0x00000000080001d4                __aeabi_uldivmod
 .text          0x0000000008000204      0x2c8 C:/ST/STM32CubeIDE_1.14.1/STM32CubeIDE/plugins/com.st.stm32cube.ide.mcu.externaltools.gnu-tools-for-stm32.11.3.rel1.win32_1.1.100.202309141235/tools/bin/../lib/gcc/arm-none-eabi/11.3.1/thumb/v7e-m+fp/hard\libgcc.a(_udivmoddi4.o)
                0x0000000008000204                __udivmoddi4
 .text          0x00000000080004cc        0x4 C:/ST/STM32CubeIDE_1.14.1/STM32CubeIDE/plugins/com.st.stm32cube.ide.mcu.externaltools.gnu-tools-for-stm32.11.3.rel1.win32_1.1.100.202309141235/tools/bin/../lib/gcc/arm-none-eabi/11.3.1/thumb/v7e-m+fp/hard\libgcc.a(_dvmd_tls.o)
                0x00000000080004cc                __aeabi_idiv0
                0x00000000080004cc                __aeabi_ldiv0
 *(.text*)
 .text.main     0x00000000080004d0       0x2c ./Core/Src/main.o
                0x00000000080004d0                main
 .text.SystemClock_Config
                0x00000000080004fc       0xd4 ./Core/Src/main.o
                0x00000000080004fc                SystemClock_Config
 .text.MX_TIM3_Init
                0x00000000080005d0       0xec ./Core/Src/main.o
 .text.MX_USART2_UART_Init
                0x00000000080006bc       0x54 ./Core/Src/main.o
 .text.MX_GPIO_Init
                0x0000000008000710       0xdc ./Core/Src/main.o
 .text.Error_Handler
                0x00000000080007ec        0xa ./Core/Src/main.o
                0x00000000080007ec                Error_Handler
 *fill*         0x00000000080007f6        0x2 
 .text.HAL_MspInit
                0x00000000080007f8       0x50 ./Core/Src/stm32f4xx_hal_msp.o
                0x00000000080007f8                HAL_MspInit
 .text.HAL_TIM_Base_MspInit
                0x0000000008000848       0x44 ./Core/Src/stm32f4xx_hal_msp.o
                0x0000000008000848                HAL_TIM_Base_MspInit
 .text.HAL_TIM_MspPostInit
                0x000000000800088c       0x74 ./Core/Src/stm32f4xx_hal_msp.o
                0x000000000800088c                HAL_TIM_MspPostInit
 .text.HAL_UART_MspInit
                0x0000000008000900       0x90 ./Core/Src/stm32f4xx_hal_msp.o
                0x0000000008000900                HAL_UART_MspInit
 .text.NMI_Handler
                0x0000000008000990        0x6 ./Core/Src/stm32f4xx_it.o
                0x0000000008000990                NMI_Handler
 .text.HardFault_Handler
                0x0000000008000996        0x6 ./Core/Src/stm32f4xx_it.o
                0x0000000008000996                HardFault_Handler
 .text.MemManage_Handler
                0x000000000800099c        0x6 ./Core/Src/stm32f4xx_it.o
                0x000000000800099c                MemManage_Handler
 .text.BusFault_Handler
                0x00000000080009a2        0x6 ./Core/Src/stm32f4xx_it.o
                0x00000000080009a2                BusFault_Handler
 .text.UsageFault_Handler
                0x00000000080009a8        0x6 ./Core/Src/stm32f4xx_it.o
                0x00000000080009a8                UsageFault_Handler
 .text.SVC_Handler
                0x00000000080009ae        0xe ./Core/Src/stm32f4xx_it.o
                0x00000000080009ae                SVC_Handler
 .text.DebugMon_Handler
                0x00000000080009bc        0xe ./Core/Src/stm32f4xx_it.o
                0x00000000080009bc                DebugMon_Handler
 .text.PendSV_Handler
                0x00000000080009ca        0xe ./Core/Src/stm32f4xx_it.o
                0x00000000080009ca                PendSV_Handler
 .text.SysTick_Handler
                0x00000000080009d8        0xc ./Core/Src/stm32f4xx_it.o
                0x00000000080009d8                SysTick_Handler
 .text.SystemInit
                0x00000000080009e4       0x24 ./Core/Src/system_stm32f4xx.o
                0x00000000080009e4                SystemInit
 .text.Reset_Handler
                0x0000000008000a08       0x50 ./Core/Startup/startup_stm32f401retx.o
                0x0000000008000a08                Reset_Handler
 .text.Default_Handler
                0x0000000008000a58        0x2 ./Core/Startup/startup_stm32f401retx.o
                0x0000000008000a58                RTC_Alarm_IRQHandler
                0x0000000008000a58                EXTI2_IRQHandler
                0x0000000008000a58                SPI4_IRQHandler
                0x0000000008000a58                TIM1_CC_IRQHandler
                0x0000000008000a58                DMA2_Stream5_IRQHandler
                0x0000000008000a58                DMA1_Stream5_IRQHandler
                0x0000000008000a58                PVD_IRQHandler
                0x0000000008000a58                SDIO_IRQHandler
                0x0000000008000a58                TAMP_STAMP_IRQHandler
                0x0000000008000a58                EXTI3_IRQHandler
                0x0000000008000a58                TIM1_UP_TIM10_IRQHandler
                0x0000000008000a58                I2C3_ER_IRQHandler
                0x0000000008000a58                EXTI0_IRQHandler
                0x0000000008000a58                I2C2_EV_IRQHandler
                0x0000000008000a58                DMA1_Stream2_IRQHandler
                0x0000000008000a58                FPU_IRQHandler
                0x0000000008000a58                DMA2_Stream2_IRQHandler
                0x0000000008000a58                SPI1_IRQHandler
                0x0000000008000a58                TIM1_BRK_TIM9_IRQHandler
                0x0000000008000a58                DMA2_Stream3_IRQHandler
                0x0000000008000a58                USART6_IRQHandler
                0x0000000008000a58                DMA2_Stream0_IRQHandler
                0x0000000008000a58                TIM4_IRQHandler
                0x0000000008000a58                I2C1_EV_IRQHandler
                0x0000000008000a58                DMA1_Stream6_IRQHandler
                0x0000000008000a58                DMA1_Stream1_IRQHandler
                0x0000000008000a58                TIM3_IRQHandler
                0x0000000008000a58                RCC_IRQHandler
                0x0000000008000a58                Default_Handler
                0x0000000008000a58                EXTI15_10_IRQHandler
                0x0000000008000a58                ADC_IRQHandler
                0x0000000008000a58                DMA1_Stream7_IRQHandler
                0x0000000008000a58                TIM5_IRQHandler
                0x0000000008000a58                DMA2_Stream7_IRQHandler
                0x0000000008000a58                I2C3_EV_IRQHandler
                0x0000000008000a58                EXTI9_5_IRQHandler
                0x0000000008000a58                RTC_WKUP_IRQHandler
                0x0000000008000a58                SPI2_IRQHandler
                0x0000000008000a58                DMA1_Stream0_IRQHandler
                0x0000000008000a58                EXTI4_IRQHandler
                0x0000000008000a58                WWDG_IRQHandler
                0x0000000008000a58                TIM2_IRQHandler
                0x0000000008000a58                OTG_FS_WKUP_IRQHandler
                0x0000000008000a58                TIM1_TRG_COM_TIM11_IRQHandler
                0x0000000008000a58                EXTI1_IRQHandler
                0x0000000008000a58                USART2_IRQHandler
                0x0000000008000a58                I2C2_ER_IRQHandler
                0x0000000008000a58                DMA2_Stream1_IRQHandler
                0x0000000008000a58                FLASH_IRQHandler
                0x0000000008000a58                DMA2_Stream4_IRQHandler
                0x0000000008000a58                USART1_IRQHandler
                0x0000000008000a58                OTG_FS_IRQHandler
                0x0000000008000a58                SPI3_IRQHandler
                0x0000000008000a58                DMA1_Stream4_IRQHandler
                0x0000000008000a58                I2C1_ER_IRQHandler
                0x0000000008000a58                DMA2_Stream6_IRQHandler
                0x0000000008000a58                DMA1_Stream3_IRQHandler
 *fill*         0x0000000008000a5a        0x2 
 .text.HAL_Init
                0x0000000008000a5c       0x44 ./Drivers/STM32F4xx_HAL_Driver/Src/stm32f4xx_hal.o
                0x0000000008000a5c                HAL_Init
 .text.HAL_InitTick
                0x0000000008000aa0       0x60 ./Drivers/STM32F4xx_HAL_Driver/Src/stm32f4xx_hal.o
                0x0000000008000aa0                HAL_InitTick
 .text.HAL_IncTick
                0x0000000008000b00       0x28 ./Drivers/STM32F4xx_HAL_Driver/Src/stm32f4xx_hal.o
                0x0000000008000b00                HAL_IncTick
 .text.HAL_GetTick
                0x0000000008000b28       0x18 ./Drivers/STM32F4xx_HAL_Driver/Src/stm32f4xx_hal.o
                0x0000000008000b28                HAL_GetTick
 .text.__NVIC_SetPriorityGrouping
                0x0000000008000b40       0x48 ./Drivers/STM32F4xx_HAL_Driver/Src/stm32f4xx_hal_cortex.o
 .text.__NVIC_GetPriorityGrouping
                0x0000000008000b88       0x1c ./Drivers/STM32F4xx_HAL_Driver/Src/stm32f4xx_hal_cortex.o
 .text.__NVIC_SetPriority
                0x0000000008000ba4       0x54 ./Drivers/STM32F4xx_HAL_Driver/Src/stm32f4xx_hal_cortex.o
 .text.NVIC_EncodePriority
                0x0000000008000bf8       0x66 ./Drivers/STM32F4xx_HAL_Driver/Src/stm32f4xx_hal_cortex.o
 *fill*         0x0000000008000c5e        0x2 
 .text.SysTick_Config
                0x0000000008000c60       0x44 ./Drivers/STM32F4xx_HAL_Driver/Src/stm32f4xx_hal_cortex.o
 .text.HAL_NVIC_SetPriorityGrouping
                0x0000000008000ca4       0x16 ./Drivers/STM32F4xx_HAL_Driver/Src/stm32f4xx_hal_cortex.o
                0x0000000008000ca4                HAL_NVIC_SetPriorityGrouping
 .text.HAL_NVIC_SetPriority
                0x0000000008000cba       0x38 ./Drivers/STM32F4xx_HAL_Driver/Src/stm32f4xx_hal_cortex.o
                0x0000000008000cba                HAL_NVIC_SetPriority
 .text.HAL_SYSTICK_Config
                0x0000000008000cf2       0x18 ./Drivers/STM32F4xx_HAL_Driver/Src/stm32f4xx_hal_cortex.o
                0x0000000008000cf2                HAL_SYSTICK_Config
 *fill*         0x0000000008000d0a        0x2 
 .text.HAL_GPIO_Init
                0x0000000008000d0c      0x308 ./Drivers/STM32F4xx_HAL_Driver/Src/stm32f4xx_hal_gpio.o
                0x0000000008000d0c                HAL_GPIO_Init
 .text.HAL_GPIO_WritePin
                0x0000000008001014       0x32 ./Drivers/STM32F4xx_HAL_Driver/Src/stm32f4xx_hal_gpio.o
                0x0000000008001014                HAL_GPIO_WritePin
 *fill*         0x0000000008001046        0x2 
 .text.HAL_RCC_OscConfig
                0x0000000008001048      0x4f0 ./Drivers/STM32F4xx_HAL_Driver/Src/stm32f4xx_hal_rcc.o
                0x0000000008001048                HAL_RCC_OscConfig
 .text.HAL_RCC_ClockConfig
                0x0000000008001538      0x1cc ./Drivers/STM32F4xx_HAL_Driver/Src/stm32f4xx_hal_rcc.o
                0x0000000008001538                HAL_RCC_ClockConfig
 .text.HAL_RCC_GetSysClockFreq
                0x0000000008001704      0x20c ./Drivers/STM32F4xx_HAL_Driver/Src/stm32f4xx_hal_rcc.o
                0x0000000008001704                HAL_RCC_GetSysClockFreq
 .text.HAL_RCC_GetHCLKFreq
                0x0000000008001910       0x18 ./Drivers/STM32F4xx_HAL_Driver/Src/stm32f4xx_hal_rcc.o
                0x0000000008001910                HAL_RCC_GetHCLKFreq
 .text.HAL_RCC_GetPCLK1Freq
                0x0000000008001928       0x28 ./Drivers/STM32F4xx_HAL_Driver/Src/stm32f4xx_hal_rcc.o
                0x0000000008001928                HAL_RCC_GetPCLK1Freq
 .text.HAL_RCC_GetPCLK2Freq
                0x0000000008001950       0x28 ./Drivers/STM32F4xx_HAL_Driver/Src/stm32f4xx_hal_rcc.o
                0x0000000008001950                HAL_RCC_GetPCLK2Freq
 .text.HAL_TIM_Base_Init
                0x0000000008001978       0x9e ./Drivers/STM32F4xx_HAL_Driver/Src/stm32f4xx_hal_tim.o
                0x0000000008001978                HAL_TIM_Base_Init
 *fill*         0x0000000008001a16        0x2 
 .text.HAL_TIM_Base_Start
                0x0000000008001a18       0xb4 ./Drivers/STM32F4xx_HAL_Driver/Src/stm32f4xx_hal_tim.o
                0x0000000008001a18                HAL_TIM_Base_Start
 .text.HAL_TIM_PWM_Init
                0x0000000008001acc       0x9e ./Drivers/STM32F4xx_HAL_Driver/Src/stm32f4xx_hal_tim.o
                0x0000000008001acc                HAL_TIM_PWM_Init
 .text.HAL_TIM_PWM_MspInit
                0x0000000008001b6a       0x14 ./Drivers/STM32F4xx_HAL_Driver/Src/stm32f4xx_hal_tim.o
                0x0000000008001b6a                HAL_TIM_PWM_MspInit
 *fill*         0x0000000008001b7e        0x2 
 .text.HAL_TIM_PWM_Start
                0x0000000008001b80      0x160 ./Drivers/STM32F4xx_HAL_Driver/Src/stm32f4xx_hal_tim.o
                0x0000000008001b80                HAL_TIM_PWM_Start
 .text.HAL_TIM_PWM_ConfigChannel
                0x0000000008001ce0      0x184 ./Drivers/STM32F4xx_HAL_Driver/Src/stm32f4xx_hal_tim.o
                0x0000000008001ce0                HAL_TIM_PWM_ConfigChannel
 .text.HAL_TIM_ConfigClockSource
                0x0000000008001e64      0x18e ./Drivers/STM32F4xx_HAL_Driver/Src/stm32f4xx_hal_tim.o
                0x0000000008001e64                HAL_TIM_ConfigClockSource
 *fill*         0x0000000008001ff2        0x2 
 .text.TIM_Base_SetConfig
                0x0000000008001ff4      0x118 ./Drivers/STM32F4xx_HAL_Driver/Src/stm32f4xx_hal_tim.o
                0x0000000008001ff4                TIM_Base_SetConfig
 .text.TIM_OC1_SetConfig
                0x000000000800210c       0xcc ./Drivers/STM32F4xx_HAL_Driver/Src/stm32f4xx_hal_tim.o
 .text.TIM_OC2_SetConfig
                0x00000000080021d8       0xd8 ./Drivers/STM32F4xx_HAL_Driver/Src/stm32f4xx_hal_tim.o
                0x00000000080021d8                TIM_OC2_SetConfig
 .text.TIM_OC3_SetConfig
                0x00000000080022b0       0xd4 ./Drivers/STM32F4xx_HAL_Driver/Src/stm32f4xx_hal_tim.o
 .text.TIM_OC4_SetConfig
                0x0000000008002384       0xa0 ./Drivers/STM32F4xx_HAL_Driver/Src/stm32f4xx_hal_tim.o
 .text.TIM_TI1_ConfigInputStage
                0x0000000008002424       0x5e ./Drivers/STM32F4xx_HAL_Driver/Src/stm32f4xx_hal_tim.o
 .text.TIM_TI2_ConfigInputStage
                0x0000000008002482       0x60 ./Drivers/STM32F4xx_HAL_Driver/Src/stm32f4xx_hal_tim.o
 .text.TIM_ITRx_SetConfig
                0x00000000080024e2       0x36 ./Drivers/STM32F4xx_HAL_Driver/Src/stm32f4xx_hal_tim.o
 .text.TIM_ETR_SetConfig
                0x0000000008002518       0x40 ./Drivers/STM32F4xx_HAL_Driver/Src/stm32f4xx_hal_tim.o
                0x0000000008002518                TIM_ETR_SetConfig
 .text.TIM_CCxChannelCmd
                0x0000000008002558       0x4a ./Drivers/STM32F4xx_HAL_Driver/Src/stm32f4xx_hal_tim.o
                0x0000000008002558                TIM_CCxChannelCmd
 *fill*         0x00000000080025a2        0x2 
 .text.HAL_TIMEx_MasterConfigSynchronization
                0x00000000080025a4       0xdc ./Drivers/STM32F4xx_HAL_Driver/Src/stm32f4xx_hal_tim_ex.o
                0x00000000080025a4                HAL_TIMEx_MasterConfigSynchronization
 .text.HAL_UART_Init
                0x0000000008002680       0xa0 ./Drivers/STM32F4xx_HAL_Driver/Src/stm32f4xx_hal_uart.o
                0x0000000008002680                HAL_UART_Init
 .text.UART_SetConfig
                0x0000000008002720      0x4e8 ./Drivers/STM32F4xx_HAL_Driver/Src/stm32f4xx_hal_uart.o
 .text.memset   0x0000000008002c08       0x10 C:/ST/STM32CubeIDE_1.14.1/STM32CubeIDE/plugins/com.st.stm32cube.ide.mcu.externaltools.gnu-tools-for-stm32.11.3.rel1.win32_1.1.100.202309141235/tools/bin/../lib/gcc/arm-none-eabi/11.3.1/../../../../arm-none-eabi/lib/thumb/v7e-m+fp/hard\libc_nano.a(libc_a-memset.o)
                0x0000000008002c08                memset
 .text.__libc_init_array
                0x0000000008002c18       0x48 C:/ST/STM32CubeIDE_1.14.1/STM32CubeIDE/plugins/com.st.stm32cube.ide.mcu.externaltools.gnu-tools-for-stm32.11.3.rel1.win32_1.1.100.202309141235/tools/bin/../lib/gcc/arm-none-eabi/11.3.1/../../../../arm-none-eabi/lib/thumb/v7e-m+fp/hard\libc_nano.a(libc_a-init.o)
                0x0000000008002c18                __libc_init_array
 *(.glue_7)
 .glue_7        0x0000000008002c60        0x0 linker stubs
 *(.glue_7t)
 .glue_7t       0x0000000008002c60        0x0 linker stubs
 *(.eh_frame)
 .eh_frame      0x0000000008002c60        0x0 C:/ST/STM32CubeIDE_1.14.1/STM32CubeIDE/plugins/com.st.stm32cube.ide.mcu.externaltools.gnu-tools-for-stm32.11.3.rel1.win32_1.1.100.202309141235/tools/bin/../lib/gcc/arm-none-eabi/11.3.1/thumb/v7e-m+fp/hard/crtbegin.o
 *(.init)
 .init          0x0000000008002c60        0x4 C:/ST/STM32CubeIDE_1.14.1/STM32CubeIDE/plugins/com.st.stm32cube.ide.mcu.externaltools.gnu-tools-for-stm32.11.3.rel1.win32_1.1.100.202309141235/tools/bin/../lib/gcc/arm-none-eabi/11.3.1/thumb/v7e-m+fp/hard/crti.o
                0x0000000008002c60                _init
 .init          0x0000000008002c64        0x8 C:/ST/STM32CubeIDE_1.14.1/STM32CubeIDE/plugins/com.st.stm32cube.ide.mcu.externaltools.gnu-tools-for-stm32.11.3.rel1.win32_1.1.100.202309141235/tools/bin/../lib/gcc/arm-none-eabi/11.3.1/thumb/v7e-m+fp/hard/crtn.o
 *(.fini)
 .fini          0x0000000008002c6c        0x4 C:/ST/STM32CubeIDE_1.14.1/STM32CubeIDE/plugins/com.st.stm32cube.ide.mcu.externaltools.gnu-tools-for-stm32.11.3.rel1.win32_1.1.100.202309141235/tools/bin/../lib/gcc/arm-none-eabi/11.3.1/thumb/v7e-m+fp/hard/crti.o
                0x0000000008002c6c                _fini
 .fini          0x0000000008002c70        0x8 C:/ST/STM32CubeIDE_1.14.1/STM32CubeIDE/plugins/com.st.stm32cube.ide.mcu.externaltools.gnu-tools-for-stm32.11.3.rel1.win32_1.1.100.202309141235/tools/bin/../lib/gcc/arm-none-eabi/11.3.1/thumb/v7e-m+fp/hard/crtn.o
                0x0000000008002c78                . = ALIGN (0x4)
                0x0000000008002c78                _etext = .

.vfp11_veneer   0x0000000008002c78        0x0
 .vfp11_veneer  0x0000000008002c78        0x0 linker stubs

.v4_bx          0x0000000008002c78        0x0
 .v4_bx         0x0000000008002c78        0x0 linker stubs

.iplt           0x0000000008002c78        0x0
 .iplt          0x0000000008002c78        0x0 C:/ST/STM32CubeIDE_1.14.1/STM32CubeIDE/plugins/com.st.stm32cube.ide.mcu.externaltools.gnu-tools-for-stm32.11.3.rel1.win32_1.1.100.202309141235/tools/bin/../lib/gcc/arm-none-eabi/11.3.1/thumb/v7e-m+fp/hard/crtbegin.o

.rodata         0x0000000008002c78       0x18
                0x0000000008002c78                . = ALIGN (0x4)
 *(.rodata)
 *(.rodata*)
 .rodata.AHBPrescTable
                0x0000000008002c78       0x10 ./Core/Src/system_stm32f4xx.o
                0x0000000008002c78                AHBPrescTable
 .rodata.APBPrescTable
                0x0000000008002c88        0x8 ./Core/Src/system_stm32f4xx.o
                0x0000000008002c88                APBPrescTable
                0x0000000008002c90                . = ALIGN (0x4)

.ARM.extab      0x0000000008002c90        0x0
                0x0000000008002c90                . = ALIGN (0x4)
 *(.ARM.extab* .gnu.linkonce.armextab.*)
                0x0000000008002c90                . = ALIGN (0x4)

.ARM            0x0000000008002c90        0x8
                0x0000000008002c90                . = ALIGN (0x4)
                0x0000000008002c90                __exidx_start = .
 *(.ARM.exidx*)
 .ARM.exidx     0x0000000008002c90        0x8 C:/ST/STM32CubeIDE_1.14.1/STM32CubeIDE/plugins/com.st.stm32cube.ide.mcu.externaltools.gnu-tools-for-stm32.11.3.rel1.win32_1.1.100.202309141235/tools/bin/../lib/gcc/arm-none-eabi/11.3.1/thumb/v7e-m+fp/hard\libgcc.a(_udivmoddi4.o)
                0x0000000008002c98                __exidx_end = .
                0x0000000008002c98                . = ALIGN (0x4)

.rel.dyn        0x0000000008002c98        0x0
 .rel.iplt      0x0000000008002c98        0x0 C:/ST/STM32CubeIDE_1.14.1/STM32CubeIDE/plugins/com.st.stm32cube.ide.mcu.externaltools.gnu-tools-for-stm32.11.3.rel1.win32_1.1.100.202309141235/tools/bin/../lib/gcc/arm-none-eabi/11.3.1/thumb/v7e-m+fp/hard/crtbegin.o

.preinit_array  0x0000000008002c98        0x0
                0x0000000008002c98                . = ALIGN (0x4)
                0x0000000008002c98                PROVIDE (__preinit_array_start = .)
 *(.preinit_array*)
                0x0000000008002c98                PROVIDE (__preinit_array_end = .)
                0x0000000008002c98                . = ALIGN (0x4)

.init_array     0x0000000008002c98        0x4
                0x0000000008002c98                . = ALIGN (0x4)
                0x0000000008002c98                PROVIDE (__init_array_start = .)
 *(SORT_BY_NAME(.init_array.*))
 *(.init_array*)
 .init_array    0x0000000008002c98        0x4 C:/ST/STM32CubeIDE_1.14.1/STM32CubeIDE/plugins/com.st.stm32cube.ide.mcu.externaltools.gnu-tools-for-stm32.11.3.rel1.win32_1.1.100.202309141235/tools/bin/../lib/gcc/arm-none-eabi/11.3.1/thumb/v7e-m+fp/hard/crtbegin.o
                0x0000000008002c9c                PROVIDE (__init_array_end = .)
                0x0000000008002c9c                . = ALIGN (0x4)

.fini_array     0x0000000008002c9c        0x4
                0x0000000008002c9c                . = ALIGN (0x4)
                [!provide]                        PROVIDE (__fini_array_start = .)
 *(SORT_BY_NAME(.fini_array.*))
 *(.fini_array*)
 .fini_array    0x0000000008002c9c        0x4 C:/ST/STM32CubeIDE_1.14.1/STM32CubeIDE/plugins/com.st.stm32cube.ide.mcu.externaltools.gnu-tools-for-stm32.11.3.rel1.win32_1.1.100.202309141235/tools/bin/../lib/gcc/arm-none-eabi/11.3.1/thumb/v7e-m+fp/hard/crtbegin.o
                [!provide]                        PROVIDE (__fini_array_end = .)
                0x0000000008002ca0                . = ALIGN (0x4)
                0x0000000008002ca0                _sidata = LOADADDR (.data)

.data           0x0000000020000000        0xc load address 0x0000000008002ca0
                0x0000000020000000                . = ALIGN (0x4)
                0x0000000020000000                _sdata = .
 *(.data)
 *(.data*)
 .data.SystemCoreClock
                0x0000000020000000        0x4 ./Core/Src/system_stm32f4xx.o
                0x0000000020000000                SystemCoreClock
 .data.uwTickPrio
                0x0000000020000004        0x4 ./Drivers/STM32F4xx_HAL_Driver/Src/stm32f4xx_hal.o
                0x0000000020000004                uwTickPrio
 .data.uwTickFreq
                0x0000000020000008        0x1 ./Drivers/STM32F4xx_HAL_Driver/Src/stm32f4xx_hal.o
                0x0000000020000008                uwTickFreq
 *(.RamFunc)
 *(.RamFunc*)
                0x000000002000000c                . = ALIGN (0x4)
 *fill*         0x0000000020000009        0x3 
                0x000000002000000c                _edata = .

.igot.plt       0x000000002000000c        0x0 load address 0x0000000008002cac
 .igot.plt      0x000000002000000c        0x0 C:/ST/STM32CubeIDE_1.14.1/STM32CubeIDE/plugins/com.st.stm32cube.ide.mcu.externaltools.gnu-tools-for-stm32.11.3.rel1.win32_1.1.100.202309141235/tools/bin/../lib/gcc/arm-none-eabi/11.3.1/thumb/v7e-m+fp/hard/crtbegin.o
                0x000000002000000c                . = ALIGN (0x4)

.bss            0x000000002000000c       0xb0 load address 0x0000000008002cac
                0x000000002000000c                _sbss = .
                0x000000002000000c                __bss_start__ = _sbss
 *(.bss)
 .bss           0x000000002000000c       0x1c C:/ST/STM32CubeIDE_1.14.1/STM32CubeIDE/plugins/com.st.stm32cube.ide.mcu.externaltools.gnu-tools-for-stm32.11.3.rel1.win32_1.1.100.202309141235/tools/bin/../lib/gcc/arm-none-eabi/11.3.1/thumb/v7e-m+fp/hard/crtbegin.o
 *(.bss*)
 .bss.htim3     0x0000000020000028       0x48 ./Core/Src/main.o
                0x0000000020000028                htim3
 .bss.huart2    0x0000000020000070       0x48 ./Core/Src/main.o
                0x0000000020000070                huart2
 .bss.uwTick    0x00000000200000b8        0x4 ./Drivers/STM32F4xx_HAL_Driver/Src/stm32f4xx_hal.o
                0x00000000200000b8                uwTick
 *(COMMON)
                0x00000000200000bc                . = ALIGN (0x4)
                0x00000000200000bc                _ebss = .
                0x00000000200000bc                __bss_end__ = _ebss

._user_heap_stack
                0x00000000200000bc      0x604 load address 0x0000000008002cac
                0x00000000200000c0                . = ALIGN (0x8)
 *fill*         0x00000000200000bc        0x4 
                [!provide]                        PROVIDE (end = .)
                0x00000000200000c0                PROVIDE (_end = .)
                0x00000000200002c0                . = (. + _Min_Heap_Size)
 *fill*         0x00000000200000c0      0x200 
                0x00000000200006c0                . = (. + _Min_Stack_Size)
 *fill*         0x00000000200002c0      0x400 
                0x00000000200006c0                . = ALIGN (0x8)

/DISCARD/
 libc.a(*)
 libm.a(*)
 libgcc.a(*)

.ARM.attributes
                0x0000000000000000       0x30
 *(.ARM.attributes)
 .ARM.attributes
                0x0000000000000000       0x1e C:/ST/STM32CubeIDE_1.14.1/STM32CubeIDE/plugins/com.st.stm32cube.ide.mcu.externaltools.gnu-tools-for-stm32.11.3.rel1.win32_1.1.100.202309141235/tools/bin/../lib/gcc/arm-none-eabi/11.3.1/thumb/v7e-m+fp/hard/crti.o
 .ARM.attributes
                0x000000000000001e       0x34 C:/ST/STM32CubeIDE_1.14.1/STM32CubeIDE/plugins/com.st.stm32cube.ide.mcu.externaltools.gnu-tools-for-stm32.11.3.rel1.win32_1.1.100.202309141235/tools/bin/../lib/gcc/arm-none-eabi/11.3.1/thumb/v7e-m+fp/hard/crtbegin.o
 .ARM.attributes
                0x0000000000000052       0x34 ./Core/Src/main.o
 .ARM.attributes
                0x0000000000000086       0x34 ./Core/Src/stm32f4xx_hal_msp.o
 .ARM.attributes
                0x00000000000000ba       0x34 ./Core/Src/stm32f4xx_it.o
 .ARM.attributes
                0x00000000000000ee       0x34 ./Core/Src/system_stm32f4xx.o
 .ARM.attributes
                0x0000000000000122       0x21 ./Core/Startup/startup_stm32f401retx.o
 .ARM.attributes
                0x0000000000000143       0x34 ./Drivers/STM32F4xx_HAL_Driver/Src/stm32f4xx_hal.o
 .ARM.attributes
                0x0000000000000177       0x34 ./Drivers/STM32F4xx_HAL_Driver/Src/stm32f4xx_hal_cortex.o
 .ARM.attributes
                0x00000000000001ab       0x34 ./Drivers/STM32F4xx_HAL_Driver/Src/stm32f4xx_hal_gpio.o
 .ARM.attributes
                0x00000000000001df       0x34 ./Drivers/STM32F4xx_HAL_Driver/Src/stm32f4xx_hal_rcc.o
 .ARM.attributes
                0x0000000000000213       0x34 ./Drivers/STM32F4xx_HAL_Driver/Src/stm32f4xx_hal_tim.o
 .ARM.attributes
                0x0000000000000247       0x34 ./Drivers/STM32F4xx_HAL_Driver/Src/stm32f4xx_hal_tim_ex.o
 .ARM.attributes
                0x000000000000027b       0x34 ./Drivers/STM32F4xx_HAL_Driver/Src/stm32f4xx_hal_uart.o
 .ARM.attributes
                0x00000000000002af       0x34 C:/ST/STM32CubeIDE_1.14.1/STM32CubeIDE/plugins/com.st.stm32cube.ide.mcu.externaltools.gnu-tools-for-stm32.11.3.rel1.win32_1.1.100.202309141235/tools/bin/../lib/gcc/arm-none-eabi/11.3.1/../../../../arm-none-eabi/lib/thumb/v7e-m+fp/hard\libc_nano.a(libc_a-memset.o)
 .ARM.attributes
                0x00000000000002e3       0x34 C:/ST/STM32CubeIDE_1.14.1/STM32CubeIDE/plugins/com.st.stm32cube.ide.mcu.externaltools.gnu-tools-for-stm32.11.3.rel1.win32_1.1.100.202309141235/tools/bin/../lib/gcc/arm-none-eabi/11.3.1/../../../../arm-none-eabi/lib/thumb/v7e-m+fp/hard\libc_nano.a(libc_a-init.o)
 .ARM.attributes
                0x0000000000000317       0x1e C:/ST/STM32CubeIDE_1.14.1/STM32CubeIDE/plugins/com.st.stm32cube.ide.mcu.externaltools.gnu-tools-for-stm32.11.3.rel1.win32_1.1.100.202309141235/tools/bin/../lib/gcc/arm-none-eabi/11.3.1/thumb/v7e-m+fp/hard\libgcc.a(_aeabi_uldivmod.o)
 .ARM.attributes
                0x0000000000000335       0x34 C:/ST/STM32CubeIDE_1.14.1/STM32CubeIDE/plugins/com.st.stm32cube.ide.mcu.externaltools.gnu-tools-for-stm32.11.3.rel1.win32_1.1.100.202309141235/tools/bin/../lib/gcc/arm-none-eabi/11.3.1/thumb/v7e-m+fp/hard\libgcc.a(_udivmoddi4.o)
 .ARM.attributes
                0x0000000000000369       0x1e C:/ST/STM32CubeIDE_1.14.1/STM32CubeIDE/plugins/com.st.stm32cube.ide.mcu.externaltools.gnu-tools-for-stm32.11.3.rel1.win32_1.1.100.202309141235/tools/bin/../lib/gcc/arm-none-eabi/11.3.1/thumb/v7e-m+fp/hard\libgcc.a(_dvmd_tls.o)
 .ARM.attributes
                0x0000000000000387       0x1e C:/ST/STM32CubeIDE_1.14.1/STM32CubeIDE/plugins/com.st.stm32cube.ide.mcu.externaltools.gnu-tools-for-stm32.11.3.rel1.win32_1.1.100.202309141235/tools/bin/../lib/gcc/arm-none-eabi/11.3.1/thumb/v7e-m+fp/hard/crtn.o
OUTPUT(Lab3-2.elf elf32-littlearm)
LOAD linker stubs
LOAD C:/ST/STM32CubeIDE_1.14.1/STM32CubeIDE/plugins/com.st.stm32cube.ide.mcu.externaltools.gnu-tools-for-stm32.11.3.rel1.win32_1.1.100.202309141235/tools/bin/../lib/gcc/arm-none-eabi/11.3.1/../../../../arm-none-eabi/lib/thumb/v7e-m+fp/hard\libc.a
LOAD C:/ST/STM32CubeIDE_1.14.1/STM32CubeIDE/plugins/com.st.stm32cube.ide.mcu.externaltools.gnu-tools-for-stm32.11.3.rel1.win32_1.1.100.202309141235/tools/bin/../lib/gcc/arm-none-eabi/11.3.1/../../../../arm-none-eabi/lib/thumb/v7e-m+fp/hard\libm.a
LOAD C:/ST/STM32CubeIDE_1.14.1/STM32CubeIDE/plugins/com.st.stm32cube.ide.mcu.externaltools.gnu-tools-for-stm32.11.3.rel1.win32_1.1.100.202309141235/tools/bin/../lib/gcc/arm-none-eabi/11.3.1/thumb/v7e-m+fp/hard\libgcc.a

.comment        0x0000000000000000       0x43
 .comment       0x0000000000000000       0x43 C:/ST/STM32CubeIDE_1.14.1/STM32CubeIDE/plugins/com.st.stm32cube.ide.mcu.externaltools.gnu-tools-for-stm32.11.3.rel1.win32_1.1.100.202309141235/tools/bin/../lib/gcc/arm-none-eabi/11.3.1/thumb/v7e-m+fp/hard/crtbegin.o
                                         0x44 (size before relaxing)
 .comment       0x0000000000000043       0x44 ./Core/Src/main.o
 .comment       0x0000000000000043       0x44 ./Core/Src/stm32f4xx_hal_msp.o
 .comment       0x0000000000000043       0x44 ./Core/Src/stm32f4xx_it.o
 .comment       0x0000000000000043       0x44 ./Core/Src/system_stm32f4xx.o
 .comment       0x0000000000000043       0x44 ./Drivers/STM32F4xx_HAL_Driver/Src/stm32f4xx_hal.o
 .comment       0x0000000000000043       0x44 ./Drivers/STM32F4xx_HAL_Driver/Src/stm32f4xx_hal_cortex.o
 .comment       0x0000000000000043       0x44 ./Drivers/STM32F4xx_HAL_Driver/Src/stm32f4xx_hal_gpio.o
 .comment       0x0000000000000043       0x44 ./Drivers/STM32F4xx_HAL_Driver/Src/stm32f4xx_hal_rcc.o
 .comment       0x0000000000000043       0x44 ./Drivers/STM32F4xx_HAL_Driver/Src/stm32f4xx_hal_tim.o
 .comment       0x0000000000000043       0x44 ./Drivers/STM32F4xx_HAL_Driver/Src/stm32f4xx_hal_tim_ex.o
 .comment       0x0000000000000043       0x44 ./Drivers/STM32F4xx_HAL_Driver/Src/stm32f4xx_hal_uart.o

.debug_info     0x0000000000000000     0xb821
 .debug_info    0x0000000000000000     0x1149 ./Core/Src/main.o
 .debug_info    0x0000000000001149      0xd3d ./Core/Src/stm32f4xx_hal_msp.o
 .debug_info    0x0000000000001e86      0x112 ./Core/Src/stm32f4xx_it.o
 .debug_info    0x0000000000001f98      0x53e ./Core/Src/system_stm32f4xx.o
 .debug_info    0x00000000000024d6       0x23 ./Core/Startup/startup_stm32f401retx.o
 .debug_info    0x00000000000024f9      0x8bb ./Drivers/STM32F4xx_HAL_Driver/Src/stm32f4xx_hal.o
 .debug_info    0x0000000000002db4      0xcc1 ./Drivers/STM32F4xx_HAL_Driver/Src/stm32f4xx_hal_cortex.o
 .debug_info    0x0000000000003a75      0x6f9 ./Drivers/STM32F4xx_HAL_Driver/Src/stm32f4xx_hal_gpio.o
 .debug_info    0x000000000000416e      0x8f3 ./Drivers/STM32F4xx_HAL_Driver/Src/stm32f4xx_hal_rcc.o
 .debug_info    0x0000000000004a61     0x2996 ./Drivers/STM32F4xx_HAL_Driver/Src/stm32f4xx_hal_tim.o
 .debug_info    0x00000000000073f7     0x14d4 ./Drivers/STM32F4xx_HAL_Driver/Src/stm32f4xx_hal_tim_ex.o
 .debug_info    0x00000000000088cb     0x2f56 ./Drivers/STM32F4xx_HAL_Driver/Src/stm32f4xx_hal_uart.o

.debug_abbrev   0x0000000000000000     0x1834
 .debug_abbrev  0x0000000000000000      0x26d ./Core/Src/main.o
 .debug_abbrev  0x000000000000026d      0x1f1 ./Core/Src/stm32f4xx_hal_msp.o
 .debug_abbrev  0x000000000000045e       0x73 ./Core/Src/stm32f4xx_it.o
 .debug_abbrev  0x00000000000004d1      0x11a ./Core/Src/system_stm32f4xx.o
 .debug_abbrev  0x00000000000005eb       0x12 ./Core/Startup/startup_stm32f401retx.o
 .debug_abbrev  0x00000000000005fd      0x24b ./Drivers/STM32F4xx_HAL_Driver/Src/stm32f4xx_hal.o
 .debug_abbrev  0x0000000000000848      0x328 ./Drivers/STM32F4xx_HAL_Driver/Src/stm32f4xx_hal_cortex.o
 .debug_abbrev  0x0000000000000b70      0x1d3 ./Drivers/STM32F4xx_HAL_Driver/Src/stm32f4xx_hal_gpio.o
 .debug_abbrev  0x0000000000000d43      0x2b5 ./Drivers/STM32F4xx_HAL_Driver/Src/stm32f4xx_hal_rcc.o
 .debug_abbrev  0x0000000000000ff8      0x28b ./Drivers/STM32F4xx_HAL_Driver/Src/stm32f4xx_hal_tim.o
 .debug_abbrev  0x0000000000001283      0x296 ./Drivers/STM32F4xx_HAL_Driver/Src/stm32f4xx_hal_tim_ex.o
 .debug_abbrev  0x0000000000001519      0x31b ./Drivers/STM32F4xx_HAL_Driver/Src/stm32f4xx_hal_uart.o

.debug_aranges  0x0000000000000000      0xb70
 .debug_aranges
                0x0000000000000000       0x48 ./Core/Src/main.o
 .debug_aranges
                0x0000000000000048       0x48 ./Core/Src/stm32f4xx_hal_msp.o
 .debug_aranges
                0x0000000000000090       0x60 ./Core/Src/stm32f4xx_it.o
 .debug_aranges
                0x00000000000000f0       0x28 ./Core/Src/system_stm32f4xx.o
 .debug_aranges
                0x0000000000000118       0x28 ./Core/Startup/startup_stm32f401retx.o
 .debug_aranges
                0x0000000000000140       0xf0 ./Drivers/STM32F4xx_HAL_Driver/Src/stm32f4xx_hal.o
 .debug_aranges
                0x0000000000000230      0x120 ./Drivers/STM32F4xx_HAL_Driver/Src/stm32f4xx_hal_cortex.o
 .debug_aranges
                0x0000000000000350       0x58 ./Drivers/STM32F4xx_HAL_Driver/Src/stm32f4xx_hal_gpio.o
 .debug_aranges
                0x00000000000003a8       0x88 ./Drivers/STM32F4xx_HAL_Driver/Src/stm32f4xx_hal_rcc.o
 .debug_aranges
                0x0000000000000430      0x3d0 ./Drivers/STM32F4xx_HAL_Driver/Src/stm32f4xx_hal_tim.o
 .debug_aranges
                0x0000000000000800      0x168 ./Drivers/STM32F4xx_HAL_Driver/Src/stm32f4xx_hal_tim_ex.o
 .debug_aranges
                0x0000000000000968      0x208 ./Drivers/STM32F4xx_HAL_Driver/Src/stm32f4xx_hal_uart.o

.debug_rnglists
                0x0000000000000000      0x8ff
 .debug_rnglists
                0x0000000000000000       0x34 ./Core/Src/main.o
 .debug_rnglists
                0x0000000000000034       0x32 ./Core/Src/stm32f4xx_hal_msp.o
 .debug_rnglists
                0x0000000000000066       0x43 ./Core/Src/stm32f4xx_it.o
 .debug_rnglists
                0x00000000000000a9       0x1a ./Core/Src/system_stm32f4xx.o
 .debug_rnglists
                0x00000000000000c3       0x19 ./Core/Startup/startup_stm32f401retx.o
 .debug_rnglists
                0x00000000000000dc       0xaf ./Drivers/STM32F4xx_HAL_Driver/Src/stm32f4xx_hal.o
 .debug_rnglists
                0x000000000000018b       0xd4 ./Drivers/STM32F4xx_HAL_Driver/Src/stm32f4xx_hal_cortex.o
 .debug_rnglists
                0x000000000000025f       0x3f ./Drivers/STM32F4xx_HAL_Driver/Src/stm32f4xx_hal_gpio.o
 .debug_rnglists
                0x000000000000029e       0x66 ./Drivers/STM32F4xx_HAL_Driver/Src/stm32f4xx_hal_rcc.o
 .debug_rnglists
                0x0000000000000304      0x31a ./Drivers/STM32F4xx_HAL_Driver/Src/stm32f4xx_hal_tim.o
 .debug_rnglists
                0x000000000000061e      0x125 ./Drivers/STM32F4xx_HAL_Driver/Src/stm32f4xx_hal_tim_ex.o
 .debug_rnglists
                0x0000000000000743      0x1bc ./Drivers/STM32F4xx_HAL_Driver/Src/stm32f4xx_hal_uart.o

.debug_macro    0x0000000000000000    0x154a2
 .debug_macro   0x0000000000000000      0x1dd ./Core/Src/main.o
 .debug_macro   0x00000000000001dd      0xaa8 ./Core/Src/main.o
 .debug_macro   0x0000000000000c85      0x29b ./Core/Src/main.o
 .debug_macro   0x0000000000000f20       0x2e ./Core/Src/main.o
 .debug_macro   0x0000000000000f4e       0x28 ./Core/Src/main.o
 .debug_macro   0x0000000000000f76       0x22 ./Core/Src/main.o
 .debug_macro   0x0000000000000f98       0x8e ./Core/Src/main.o
 .debug_macro   0x0000000000001026       0x51 ./Core/Src/main.o
 .debug_macro   0x0000000000001077      0x103 ./Core/Src/main.o
 .debug_macro   0x000000000000117a       0x6a ./Core/Src/main.o
 .debug_macro   0x00000000000011e4      0x1df ./Core/Src/main.o
 .debug_macro   0x00000000000013c3       0x1c ./Core/Src/main.o
 .debug_macro   0x00000000000013df       0x22 ./Core/Src/main.o
 .debug_macro   0x0000000000001401       0xfb ./Core/Src/main.o
 .debug_macro   0x00000000000014fc     0x1011 ./Core/Src/main.o
 .debug_macro   0x000000000000250d      0x11f ./Core/Src/main.o
 .debug_macro   0x000000000000262c     0xb86c ./Core/Src/main.o
 .debug_macro   0x000000000000de98       0x6d ./Core/Src/main.o
 .debug_macro   0x000000000000df05     0x368c ./Core/Src/main.o
 .debug_macro   0x0000000000011591      0x174 ./Core/Src/main.o
 .debug_macro   0x0000000000011705       0x5c ./Core/Src/main.o
 .debug_macro   0x0000000000011761      0x416 ./Core/Src/main.o
 .debug_macro   0x0000000000011b77      0x9e9 ./Core/Src/main.o
 .debug_macro   0x0000000000012560      0x115 ./Core/Src/main.o
 .debug_macro   0x0000000000012675       0xf8 ./Core/Src/main.o
 .debug_macro   0x000000000001276d       0xa5 ./Core/Src/main.o
 .debug_macro   0x0000000000012812      0x15f ./Core/Src/main.o
 .debug_macro   0x0000000000012971      0x287 ./Core/Src/main.o
 .debug_macro   0x0000000000012bf8       0x5f ./Core/Src/main.o
 .debug_macro   0x0000000000012c57      0x236 ./Core/Src/main.o
 .debug_macro   0x0000000000012e8d      0x132 ./Core/Src/main.o
 .debug_macro   0x0000000000012fbf      0x264 ./Core/Src/main.o
 .debug_macro   0x0000000000013223       0x2e ./Core/Src/main.o
 .debug_macro   0x0000000000013251      0x127 ./Core/Src/main.o
 .debug_macro   0x0000000000013378       0x85 ./Core/Src/main.o
 .debug_macro   0x00000000000133fd       0x89 ./Core/Src/main.o
 .debug_macro   0x0000000000013486      0x8ed ./Core/Src/main.o
 .debug_macro   0x0000000000013d73       0x47 ./Core/Src/main.o
 .debug_macro   0x0000000000013dba      0x2aa ./Core/Src/main.o
 .debug_macro   0x0000000000014064      0x126 ./Core/Src/main.o
 .debug_macro   0x000000000001418a       0x58 ./Core/Src/main.o
 .debug_macro   0x00000000000141e2      0x1dd ./Core/Src/stm32f4xx_hal_msp.o
 .debug_macro   0x00000000000143bf      0x1e7 ./Core/Src/stm32f4xx_it.o
 .debug_macro   0x00000000000145a6      0x1ce ./Core/Src/system_stm32f4xx.o
 .debug_macro   0x0000000000014774      0x22e ./Drivers/STM32F4xx_HAL_Driver/Src/stm32f4xx_hal.o
 .debug_macro   0x00000000000149a2      0x1ce ./Drivers/STM32F4xx_HAL_Driver/Src/stm32f4xx_hal_cortex.o
 .debug_macro   0x0000000000014b70      0x1d4 ./Drivers/STM32F4xx_HAL_Driver/Src/stm32f4xx_hal_gpio.o
 .debug_macro   0x0000000000014d44      0x1f2 ./Drivers/STM32F4xx_HAL_Driver/Src/stm32f4xx_hal_rcc.o
 .debug_macro   0x0000000000014f36      0x1cf ./Drivers/STM32F4xx_HAL_Driver/Src/stm32f4xx_hal_tim.o
 .debug_macro   0x0000000000015105      0x1ce ./Drivers/STM32F4xx_HAL_Driver/Src/stm32f4xx_hal_tim_ex.o
 .debug_macro   0x00000000000152d3      0x1cf ./Drivers/STM32F4xx_HAL_Driver/Src/stm32f4xx_hal_uart.o

.debug_line     0x0000000000000000     0xc9b6
 .debug_line    0x0000000000000000      0x8a6 ./Core/Src/main.o
 .debug_line    0x00000000000008a6      0x804 ./Core/Src/stm32f4xx_hal_msp.o
 .debug_line    0x00000000000010aa      0x811 ./Core/Src/stm32f4xx_it.o
 .debug_line    0x00000000000018bb      0x7d0 ./Core/Src/system_stm32f4xx.o
 .debug_line    0x000000000000208b       0x7a ./Core/Startup/startup_stm32f401retx.o
 .debug_line    0x0000000000002105      0xa36 ./Drivers/STM32F4xx_HAL_Driver/Src/stm32f4xx_hal.o
 .debug_line    0x0000000000002b3b      0xd02 ./Drivers/STM32F4xx_HAL_Driver/Src/stm32f4xx_hal_cortex.o
 .debug_line    0x000000000000383d      0xb6e ./Drivers/STM32F4xx_HAL_Driver/Src/stm32f4xx_hal_gpio.o
 .debug_line    0x00000000000043ab      0xdaf ./Drivers/STM32F4xx_HAL_Driver/Src/stm32f4xx_hal_rcc.o
 .debug_line    0x000000000000515a     0x359c ./Drivers/STM32F4xx_HAL_Driver/Src/stm32f4xx_hal_tim.o
 .debug_line    0x00000000000086f6     0x19cd ./Drivers/STM32F4xx_HAL_Driver/Src/stm32f4xx_hal_tim_ex.o
 .debug_line    0x000000000000a0c3     0x28f3 ./Drivers/STM32F4xx_HAL_Driver/Src/stm32f4xx_hal_uart.o

.debug_str      0x0000000000000000    0x89863
 .debug_str     0x0000000000000000    0x86d38 ./Core/Src/main.o
                                      0x87082 (size before relaxing)
 .debug_str     0x0000000000086d38       0xbe ./Core/Src/stm32f4xx_hal_msp.o
                                      0x86d43 (size before relaxing)
 .debug_str     0x0000000000086df6       0xc9 ./Core/Src/stm32f4xx_it.o
                                      0x86457 (size before relaxing)
 .debug_str     0x0000000000086ebf       0xdb ./Core/Src/system_stm32f4xx.o
                                      0x8646d (size before relaxing)
 .debug_str     0x0000000000086f9a       0x34 ./Core/Startup/startup_stm32f401retx.o
                                         0x84 (size before relaxing)
 .debug_str     0x0000000000086fce      0x99b ./Drivers/STM32F4xx_HAL_Driver/Src/stm32f4xx_hal.o
                                      0x86e8f (size before relaxing)
 .debug_str     0x0000000000087969      0x361 ./Drivers/STM32F4xx_HAL_Driver/Src/stm32f4xx_hal_cortex.o
                                      0x86bc7 (size before relaxing)
 .debug_str     0x0000000000087cca      0x121 ./Drivers/STM32F4xx_HAL_Driver/Src/stm32f4xx_hal_gpio.o
                                      0x865e8 (size before relaxing)
 .debug_str     0x0000000000087deb      0x233 ./Drivers/STM32F4xx_HAL_Driver/Src/stm32f4xx_hal_rcc.o
                                      0x868a1 (size before relaxing)
 .debug_str     0x000000000008801e      0xd7c ./Drivers/STM32F4xx_HAL_Driver/Src/stm32f4xx_hal_tim.o
                                      0x877e5 (size before relaxing)
 .debug_str     0x0000000000088d9a      0x493 ./Drivers/STM32F4xx_HAL_Driver/Src/stm32f4xx_hal_tim_ex.o
                                      0x86ff1 (size before relaxing)
 .debug_str     0x000000000008922d      0x636 ./Drivers/STM32F4xx_HAL_Driver/Src/stm32f4xx_hal_uart.o
                                      0x86e70 (size before relaxing)

.debug_frame    0x0000000000000000     0x3074
 .debug_frame   0x0000000000000000       0xcc ./Core/Src/main.o
 .debug_frame   0x00000000000000cc       0xf0 ./Core/Src/stm32f4xx_hal_msp.o
 .debug_frame   0x00000000000001bc      0x104 ./Core/Src/stm32f4xx_it.o
 .debug_frame   0x00000000000002c0       0x58 ./Core/Src/system_stm32f4xx.o
 .debug_frame   0x0000000000000318      0x374 ./Drivers/STM32F4xx_HAL_Driver/Src/stm32f4xx_hal.o
 .debug_frame   0x000000000000068c      0x4b8 ./Drivers/STM32F4xx_HAL_Driver/Src/stm32f4xx_hal_cortex.o
 .debug_frame   0x0000000000000b44      0x14c ./Drivers/STM32F4xx_HAL_Driver/Src/stm32f4xx_hal_gpio.o
 .debug_frame   0x0000000000000c90      0x1f4 ./Drivers/STM32F4xx_HAL_Driver/Src/stm32f4xx_hal_rcc.o
 .debug_frame   0x0000000000000e84     0x11b8 ./Drivers/STM32F4xx_HAL_Driver/Src/stm32f4xx_hal_tim.o
 .debug_frame   0x000000000000203c      0x638 ./Drivers/STM32F4xx_HAL_Driver/Src/stm32f4xx_hal_tim_ex.o
 .debug_frame   0x0000000000002674      0x954 ./Drivers/STM32F4xx_HAL_Driver/Src/stm32f4xx_hal_uart.o
 .debug_frame   0x0000000000002fc8       0x20 C:/ST/STM32CubeIDE_1.14.1/STM32CubeIDE/plugins/com.st.stm32cube.ide.mcu.externaltools.gnu-tools-for-stm32.11.3.rel1.win32_1.1.100.202309141235/tools/bin/../lib/gcc/arm-none-eabi/11.3.1/../../../../arm-none-eabi/lib/thumb/v7e-m+fp/hard\libc_nano.a(libc_a-memset.o)
 .debug_frame   0x0000000000002fe8       0x2c C:/ST/STM32CubeIDE_1.14.1/STM32CubeIDE/plugins/com.st.stm32cube.ide.mcu.externaltools.gnu-tools-for-stm32.11.3.rel1.win32_1.1.100.202309141235/tools/bin/../lib/gcc/arm-none-eabi/11.3.1/../../../../arm-none-eabi/lib/thumb/v7e-m+fp/hard\libc_nano.a(libc_a-init.o)
 .debug_frame   0x0000000000003014       0x2c C:/ST/STM32CubeIDE_1.14.1/STM32CubeIDE/plugins/com.st.stm32cube.ide.mcu.externaltools.gnu-tools-for-stm32.11.3.rel1.win32_1.1.100.202309141235/tools/bin/../lib/gcc/arm-none-eabi/11.3.1/thumb/v7e-m+fp/hard\libgcc.a(_aeabi_uldivmod.o)
 .debug_frame   0x0000000000003040       0x34 C:/ST/STM32CubeIDE_1.14.1/STM32CubeIDE/plugins/com.st.stm32cube.ide.mcu.externaltools.gnu-tools-for-stm32.11.3.rel1.win32_1.1.100.202309141235/tools/bin/../lib/gcc/arm-none-eabi/11.3.1/thumb/v7e-m+fp/hard\libgcc.a(_udivmoddi4.o)

.debug_line_str
                0x0000000000000000       0x78
 .debug_line_str
                0x0000000000000000       0x78 ./Core/Startup/startup_stm32f401retx.o
                                         0x90 (size before relaxing)
